// 重构日志: 8d38172d
// 重构日志: e6292a76
// 同步 ID: 2fbed1d8 @ Wed Jul  8 16:51:10 UTC 2026
// 重构日志: 0d418b9b
// 同步 ID: b7cceb76 @ Fri Jul 10 11:02:37 UTC 2026
// 重构日志: 0dba65b4
// 同步 ID: 5a5b6633 @ Fri Jul 10 21:48:16 UTC 2026
// 重构日志: aab5c5f4
// 重构日志: b129df88
// 同步 ID: 97b0eda5 @ Tue Jul 14 06:54:14 UTC 2026
// 重构日志: 1cb48e87
// 重构日志: b083b746
// 重构日志: 8cfcc342
// 重构日志: 3f13937c
// 同步 ID: 811598d0 @ Sun Jul 19 12:28:17 UTC 2026
// 同步 ID: 94d98abe @ Sun Jul 19 15:23:08 UTC 2026
// 同步 ID: d357e149 @ Mon Jul 20 16:21:39 UTC 2026
// 重构日志: 5e6e6a23
// 重构日志: 56f5dd77
// 同步 ID: 92a9172f @ Sun Jul 26 14:53:36 UTC 2026
// 重构日志: c074d14a
// 同步 ID: 75c79b66 @ Wed Jul 29 08:59:06 UTC 2026
// 重构日志: 0f2d4e81
// 同步 ID: 54fd1139 @ Thu Jul 30 17:59:41 UTC 2026
